INFO:     Started server process [35417]
INFO:     Waiting for application startup.
INFO:     Application startup complete.
INFO:     Uvicorn running on http://127.0.0.1:8000 (Press CTRL+C to quit)
Checking single URL: https://voltgo.com.tr/voltgo-tarife/
INFO:     127.0.0.1:53602 - "GET / HTTP/1.1" 200 OK
INFO:     127.0.0.1:53555 - "GET /api/check_one?query=voltgo HTTP/1.1" 200 OK
Checking single URL: https://voltgo.com.tr/voltgo-tarife/
INFO:     127.0.0.1:53761 - "GET /api/check_one?query=voltgo HTTP/1.1" 200 OK
INFO:     127.0.0.node:events:486
      throw er; // Unhandled 'error' event
      ^

Error: write EPIPE
    at afterWriteDispatched (node:internal/stream_base_commons:159:15)
    at writeGeneric (node:internal/stream_base_commons:150:3)
    at Socket._writeGeneric (node:net:966:11)
    at Socket._write (node:net:978:8)
    at writeOrBuffer (node:internal/streams/writable:570:12)
    at _write (node:internal/streams/writable:499:10)
    at Writable.write (node:internal/streams/writable:508:10)
    at PipeTransport.send (/opt/anaconda3/lib/python3.13/site-packages/playwright/driver/package/lib/server/utils/pipeTransport.js:52:21)
    at dispatcherConnection.onmessage (/opt/anaconda3/lib/python3.13/site-packages/playwright/driver/package/lib/cli/driver.js:60:59)
    at DispatcherConnection.sendEvent (/opt/anaconda3/lib/python3.13/site-packages/playwright/driver/package/lib/server/dispatchers/dispatcher.js:180:10)
Emitted 'error' event on Socket instance at:
    at emitErrorNT (node:internal/streams/destroy:170:8)
    at emitErrorCloseNT (node:internal/streams/destroy:129:3)
    at process.processTicksAndRejections (node:internal/process/task_queues:89:21) {
  errno: -32,
  code: 'EPIPE',
  syscall: 'write'
}

Node.js v24.11.1
